#-----------------------------------------------------------
# Vivado v2020.2 (64-bit)
# SW Build 3064766 on Wed Nov 18 09:12:45 MST 2020
# IP Build 3064653 on Wed Nov 18 14:17:31 MST 2020
# Start of session at: Tue May  7 01:35:26 2024
# Process ID: 3964
# Current directory: E:/HDA_Lectures/001_Repository/011_DSD/011_DSD_LabCodes/003_Lab1/WP/Camera_Emulation_Project_v2_lab1/Camera_Emulation_Project_v2_lab3
# Command line: vivado.exe -gui_launcher_event rodinguilauncherevent27488 E:\HDA_Lectures\001_Repository\011_DSD\011_DSD_LabCodes\003_Lab1\WP\Camera_Emulation_Project_v2_lab1\Camera_Emulation_Project_v2_lab3\Camera_Emulation_Project_v2_lab3.xpr
# Log file: E:/HDA_Lectures/001_Repository/011_DSD/011_DSD_LabCodes/003_Lab1/WP/Camera_Emulation_Project_v2_lab1/Camera_Emulation_Project_v2_lab3/vivado.log
# Journal file: E:/HDA_Lectures/001_Repository/011_DSD/011_DSD_LabCodes/003_Lab1/WP/Camera_Emulation_Project_v2_lab1/Camera_Emulation_Project_v2_lab3\vivado.jou
#-----------------------------------------------------------
start_gui
open_project E:/HDA_Lectures/001_Repository/011_DSD/011_DSD_LabCodes/003_Lab1/WP/Camera_Emulation_Project_v2_lab1/Camera_Emulation_Project_v2_lab3/Camera_Emulation_Project_v2_lab3.xpr
report_ip_status -name ip_status 
update_compile_order -fileset sources_1
